running egg_info
creating ../../build/inspectra_bringup/inspectra_bringup.egg-info
writing ../../build/inspectra_bringup/inspectra_bringup.egg-info/PKG-INFO
writing dependency_links to ../../build/inspectra_bringup/inspectra_bringup.egg-info/dependency_links.txt
writing requirements to ../../build/inspectra_bringup/inspectra_bringup.egg-info/requires.txt
writing top-level names to ../../build/inspectra_bringup/inspectra_bringup.egg-info/top_level.txt
writing manifest file '../../build/inspectra_bringup/inspectra_bringup.egg-info/SOURCES.txt'
reading manifest file '../../build/inspectra_bringup/inspectra_bringup.egg-info/SOURCES.txt'
writing manifest file '../../build/inspectra_bringup/inspectra_bringup.egg-info/SOURCES.txt'
running build
running build_py
creating /home/rk/inspectra/ros2_ws/build/inspectra_bringup/build
creating /home/rk/inspectra/ros2_ws/build/inspectra_bringup/build/lib
creating /home/rk/inspectra/ros2_ws/build/inspectra_bringup/build/lib/inspectra_bringup
copying inspectra_bringup/__init__.py -> /home/rk/inspectra/ros2_ws/build/inspectra_bringup/build/lib/inspectra_bringup
running install
running install_lib
creating /home/rk/inspectra/ros2_ws/install/inspectra_bringup/lib/python3.12/site-packages/inspectra_bringup
copying /home/rk/inspectra/ros2_ws/build/inspectra_bringup/build/lib/inspectra_bringup/__init__.py -> /home/rk/inspectra/ros2_ws/install/inspectra_bringup/lib/python3.12/site-packages/inspectra_bringup
byte-compiling /home/rk/inspectra/ros2_ws/install/inspectra_bringup/lib/python3.12/site-packages/inspectra_bringup/__init__.py to __init__.cpython-312.pyc
running install_data
creating /home/rk/inspectra/ros2_ws/install/inspectra_bringup/share/ament_index
creating /home/rk/inspectra/ros2_ws/install/inspectra_bringup/share/ament_index/resource_index
creating /home/rk/inspectra/ros2_ws/install/inspectra_bringup/share/ament_index/resource_index/packages
copying resource/inspectra_bringup -> /home/rk/inspectra/ros2_ws/install/inspectra_bringup/share/ament_index/resource_index/packages
copying package.xml -> /home/rk/inspectra/ros2_ws/install/inspectra_bringup/share/inspectra_bringup
running install_egg_info
Copying ../../build/inspectra_bringup/inspectra_bringup.egg-info to /home/rk/inspectra/ros2_ws/install/inspectra_bringup/lib/python3.12/site-packages/inspectra_bringup-0.0.0-py3.12.egg-info
running install_scripts
writing list of installed files to '/home/rk/inspectra/ros2_ws/build/inspectra_bringup/install.log'
