[0.688s] Invoking command in '/home/rk/inspectra/ros2_ws/src/inspectra_bringup': DEBUGINFOD_URLS=https://debuginfod.ubuntu.com PYTHONPATH=/home/rk/inspectra/ros2_ws/build/inspectra_bringup/prefix_override:/usr/lib/python3/dist-packages/colcon_core/task/python/colcon_distutils_commands:/home/rk/inspectra/ros2_ws/install/inspectra_bringup/lib/python3.12/site-packages:${PYTHONPATH} /usr/bin/python3 -W ignore:setup.py install is deprecated -W ignore:easy_install command is deprecated setup.py egg_info --egg-base ../../build/inspectra_bringup build --build-base /home/rk/inspectra/ros2_ws/build/inspectra_bringup/build install --record /home/rk/inspectra/ros2_ws/build/inspectra_bringup/install.log --install-scripts $base/lib/inspectra_bringup --single-version-externally-managed install_data
[0.864s] running egg_info
[0.864s] creating ../../build/inspectra_bringup/inspectra_bringup.egg-info
[0.876s] writing ../../build/inspectra_bringup/inspectra_bringup.egg-info/PKG-INFO
[0.876s] writing dependency_links to ../../build/inspectra_bringup/inspectra_bringup.egg-info/dependency_links.txt
[0.876s] writing requirements to ../../build/inspectra_bringup/inspectra_bringup.egg-info/requires.txt
[0.876s] writing top-level names to ../../build/inspectra_bringup/inspectra_bringup.egg-info/top_level.txt
[0.876s] writing manifest file '../../build/inspectra_bringup/inspectra_bringup.egg-info/SOURCES.txt'
[0.901s] reading manifest file '../../build/inspectra_bringup/inspectra_bringup.egg-info/SOURCES.txt'
[0.902s] writing manifest file '../../build/inspectra_bringup/inspectra_bringup.egg-info/SOURCES.txt'
[0.902s] running build
[0.902s] running build_py
[0.902s] creating /home/rk/inspectra/ros2_ws/build/inspectra_bringup/build
[0.902s] creating /home/rk/inspectra/ros2_ws/build/inspectra_bringup/build/lib
[0.902s] creating /home/rk/inspectra/ros2_ws/build/inspectra_bringup/build/lib/inspectra_bringup
[0.902s] copying inspectra_bringup/__init__.py -> /home/rk/inspectra/ros2_ws/build/inspectra_bringup/build/lib/inspectra_bringup
[0.903s] running install
[0.907s] running install_lib
[0.919s] creating /home/rk/inspectra/ros2_ws/install/inspectra_bringup/lib/python3.12/site-packages/inspectra_bringup
[0.919s] copying /home/rk/inspectra/ros2_ws/build/inspectra_bringup/build/lib/inspectra_bringup/__init__.py -> /home/rk/inspectra/ros2_ws/install/inspectra_bringup/lib/python3.12/site-packages/inspectra_bringup
[0.920s] byte-compiling /home/rk/inspectra/ros2_ws/install/inspectra_bringup/lib/python3.12/site-packages/inspectra_bringup/__init__.py to __init__.cpython-312.pyc
[0.920s] running install_data
[0.920s] creating /home/rk/inspectra/ros2_ws/install/inspectra_bringup/share/ament_index
[0.920s] creating /home/rk/inspectra/ros2_ws/install/inspectra_bringup/share/ament_index/resource_index
[0.920s] creating /home/rk/inspectra/ros2_ws/install/inspectra_bringup/share/ament_index/resource_index/packages
[0.920s] copying resource/inspectra_bringup -> /home/rk/inspectra/ros2_ws/install/inspectra_bringup/share/ament_index/resource_index/packages
[0.920s] copying package.xml -> /home/rk/inspectra/ros2_ws/install/inspectra_bringup/share/inspectra_bringup
[0.920s] running install_egg_info
[0.933s] Copying ../../build/inspectra_bringup/inspectra_bringup.egg-info to /home/rk/inspectra/ros2_ws/install/inspectra_bringup/lib/python3.12/site-packages/inspectra_bringup-0.0.0-py3.12.egg-info
[0.933s] running install_scripts
[1.015s] writing list of installed files to '/home/rk/inspectra/ros2_ws/build/inspectra_bringup/install.log'
[1.039s] Invoked command in '/home/rk/inspectra/ros2_ws/src/inspectra_bringup' returned '0': DEBUGINFOD_URLS=https://debuginfod.ubuntu.com PYTHONPATH=/home/rk/inspectra/ros2_ws/build/inspectra_bringup/prefix_override:/usr/lib/python3/dist-packages/colcon_core/task/python/colcon_distutils_commands:/home/rk/inspectra/ros2_ws/install/inspectra_bringup/lib/python3.12/site-packages:${PYTHONPATH} /usr/bin/python3 -W ignore:setup.py install is deprecated -W ignore:easy_install command is deprecated setup.py egg_info --egg-base ../../build/inspectra_bringup build --build-base /home/rk/inspectra/ros2_ws/build/inspectra_bringup/build install --record /home/rk/inspectra/ros2_ws/build/inspectra_bringup/install.log --install-scripts $base/lib/inspectra_bringup --single-version-externally-managed install_data
