running egg_info
creating ../../build/inspectra_description/inspectra_description.egg-info
writing ../../build/inspectra_description/inspectra_description.egg-info/PKG-INFO
writing dependency_links to ../../build/inspectra_description/inspectra_description.egg-info/dependency_links.txt
writing requirements to ../../build/inspectra_description/inspectra_description.egg-info/requires.txt
writing top-level names to ../../build/inspectra_description/inspectra_description.egg-info/top_level.txt
writing manifest file '../../build/inspectra_description/inspectra_description.egg-info/SOURCES.txt'
reading manifest file '../../build/inspectra_description/inspectra_description.egg-info/SOURCES.txt'
writing manifest file '../../build/inspectra_description/inspectra_description.egg-info/SOURCES.txt'
running build
running build_py
creating /home/rk/inspectra/ros2_ws/build/inspectra_description/build
creating /home/rk/inspectra/ros2_ws/build/inspectra_description/build/lib
creating /home/rk/inspectra/ros2_ws/build/inspectra_description/build/lib/inspectra_description
copying inspectra_description/__init__.py -> /home/rk/inspectra/ros2_ws/build/inspectra_description/build/lib/inspectra_description
running install
running install_lib
creating /home/rk/inspectra/ros2_ws/install/inspectra_description/lib/python3.12/site-packages/inspectra_description
copying /home/rk/inspectra/ros2_ws/build/inspectra_description/build/lib/inspectra_description/__init__.py -> /home/rk/inspectra/ros2_ws/install/inspectra_description/lib/python3.12/site-packages/inspectra_description
byte-compiling /home/rk/inspectra/ros2_ws/install/inspectra_description/lib/python3.12/site-packages/inspectra_description/__init__.py to __init__.cpython-312.pyc
running install_data
creating /home/rk/inspectra/ros2_ws/install/inspectra_description/share/ament_index
creating /home/rk/inspectra/ros2_ws/install/inspectra_description/share/ament_index/resource_index
creating /home/rk/inspectra/ros2_ws/install/inspectra_description/share/ament_index/resource_index/packages
copying resource/inspectra_description -> /home/rk/inspectra/ros2_ws/install/inspectra_description/share/ament_index/resource_index/packages
copying package.xml -> /home/rk/inspectra/ros2_ws/install/inspectra_description/share/inspectra_description
running install_egg_info
Copying ../../build/inspectra_description/inspectra_description.egg-info to /home/rk/inspectra/ros2_ws/install/inspectra_description/lib/python3.12/site-packages/inspectra_description-0.0.0-py3.12.egg-info
running install_scripts
writing list of installed files to '/home/rk/inspectra/ros2_ws/build/inspectra_description/install.log'
