[0.654s] Invoking command in '/home/rk/inspectra/ros2_ws/src/inspectra_description': DEBUGINFOD_URLS=https://debuginfod.ubuntu.com PYTHONPATH=/home/rk/inspectra/ros2_ws/build/inspectra_description/prefix_override:/usr/lib/python3/dist-packages/colcon_core/task/python/colcon_distutils_commands:/home/rk/inspectra/ros2_ws/install/inspectra_description/lib/python3.12/site-packages:${PYTHONPATH} /usr/bin/python3 -W ignore:setup.py install is deprecated -W ignore:easy_install command is deprecated setup.py egg_info --egg-base ../../build/inspectra_description build --build-base /home/rk/inspectra/ros2_ws/build/inspectra_description/build install --record /home/rk/inspectra/ros2_ws/build/inspectra_description/install.log --install-scripts $base/lib/inspectra_description --single-version-externally-managed install_data
[0.820s] running egg_info
[0.821s] creating ../../build/inspectra_description/inspectra_description.egg-info
[0.831s] writing ../../build/inspectra_description/inspectra_description.egg-info/PKG-INFO
[0.831s] writing dependency_links to ../../build/inspectra_description/inspectra_description.egg-info/dependency_links.txt
[0.832s] writing requirements to ../../build/inspectra_description/inspectra_description.egg-info/requires.txt
[0.832s] writing top-level names to ../../build/inspectra_description/inspectra_description.egg-info/top_level.txt
[0.832s] writing manifest file '../../build/inspectra_description/inspectra_description.egg-info/SOURCES.txt'
[0.855s] reading manifest file '../../build/inspectra_description/inspectra_description.egg-info/SOURCES.txt'
[0.855s] writing manifest file '../../build/inspectra_description/inspectra_description.egg-info/SOURCES.txt'
[0.856s] running build
[0.856s] running build_py
[0.856s] creating /home/rk/inspectra/ros2_ws/build/inspectra_description/build
[0.856s] creating /home/rk/inspectra/ros2_ws/build/inspectra_description/build/lib
[0.856s] creating /home/rk/inspectra/ros2_ws/build/inspectra_description/build/lib/inspectra_description
[0.856s] copying inspectra_description/__init__.py -> /home/rk/inspectra/ros2_ws/build/inspectra_description/build/lib/inspectra_description
[0.856s] running install
[0.860s] running install_lib
[0.872s] creating /home/rk/inspectra/ros2_ws/install/inspectra_description/lib/python3.12/site-packages/inspectra_description
[0.872s] copying /home/rk/inspectra/ros2_ws/build/inspectra_description/build/lib/inspectra_description/__init__.py -> /home/rk/inspectra/ros2_ws/install/inspectra_description/lib/python3.12/site-packages/inspectra_description
[0.872s] byte-compiling /home/rk/inspectra/ros2_ws/install/inspectra_description/lib/python3.12/site-packages/inspectra_description/__init__.py to __init__.cpython-312.pyc
[0.872s] running install_data
[0.872s] creating /home/rk/inspectra/ros2_ws/install/inspectra_description/share/ament_index
[0.872s] creating /home/rk/inspectra/ros2_ws/install/inspectra_description/share/ament_index/resource_index
[0.872s] creating /home/rk/inspectra/ros2_ws/install/inspectra_description/share/ament_index/resource_index/packages
[0.872s] copying resource/inspectra_description -> /home/rk/inspectra/ros2_ws/install/inspectra_description/share/ament_index/resource_index/packages
[0.873s] copying package.xml -> /home/rk/inspectra/ros2_ws/install/inspectra_description/share/inspectra_description
[0.873s] running install_egg_info
[0.884s] Copying ../../build/inspectra_description/inspectra_description.egg-info to /home/rk/inspectra/ros2_ws/install/inspectra_description/lib/python3.12/site-packages/inspectra_description-0.0.0-py3.12.egg-info
[0.885s] running install_scripts
[0.963s] writing list of installed files to '/home/rk/inspectra/ros2_ws/build/inspectra_description/install.log'
[0.988s] Invoked command in '/home/rk/inspectra/ros2_ws/src/inspectra_description' returned '0': DEBUGINFOD_URLS=https://debuginfod.ubuntu.com PYTHONPATH=/home/rk/inspectra/ros2_ws/build/inspectra_description/prefix_override:/usr/lib/python3/dist-packages/colcon_core/task/python/colcon_distutils_commands:/home/rk/inspectra/ros2_ws/install/inspectra_description/lib/python3.12/site-packages:${PYTHONPATH} /usr/bin/python3 -W ignore:setup.py install is deprecated -W ignore:easy_install command is deprecated setup.py egg_info --egg-base ../../build/inspectra_description build --build-base /home/rk/inspectra/ros2_ws/build/inspectra_description/build install --record /home/rk/inspectra/ros2_ws/build/inspectra_description/install.log --install-scripts $base/lib/inspectra_description --single-version-externally-managed install_data
