running egg_info
writing ../../build/inspectra_bringup/inspectra_bringup.egg-info/PKG-INFO
writing dependency_links to ../../build/inspectra_bringup/inspectra_bringup.egg-info/dependency_links.txt
writing entry points to ../../build/inspectra_bringup/inspectra_bringup.egg-info/entry_points.txt
writing requirements to ../../build/inspectra_bringup/inspectra_bringup.egg-info/requires.txt
writing top-level names to ../../build/inspectra_bringup/inspectra_bringup.egg-info/top_level.txt
reading manifest file '../../build/inspectra_bringup/inspectra_bringup.egg-info/SOURCES.txt'
writing manifest file '../../build/inspectra_bringup/inspectra_bringup.egg-info/SOURCES.txt'
running build
running build_py
running install
running install_lib
running install_data
creating /home/rk/inspectra/ros2_ws/install/inspectra_bringup/share/inspectra_bringup/launch
copying launch/inspectra.launch.py -> /home/rk/inspectra/ros2_ws/install/inspectra_bringup/share/inspectra_bringup/launch
running install_egg_info
removing '/home/rk/inspectra/ros2_ws/install/inspectra_bringup/lib/python3.12/site-packages/inspectra_bringup-0.0.0-py3.12.egg-info' (and everything under it)
Copying ../../build/inspectra_bringup/inspectra_bringup.egg-info to /home/rk/inspectra/ros2_ws/install/inspectra_bringup/lib/python3.12/site-packages/inspectra_bringup-0.0.0-py3.12.egg-info
running install_scripts
Installing controller script to /home/rk/inspectra/ros2_ws/install/inspectra_bringup/lib/inspectra_bringup
writing list of installed files to '/home/rk/inspectra/ros2_ws/build/inspectra_bringup/install.log'
