[0.658s] Invoking command in '/home/rk/inspectra/ros2_ws/src/inspectra_bringup': DEBUGINFOD_URLS=https://debuginfod.ubuntu.com PYTHONPATH=/home/rk/inspectra/ros2_ws/build/inspectra_bringup/prefix_override:/usr/lib/python3/dist-packages/colcon_core/task/python/colcon_distutils_commands:/home/rk/inspectra/ros2_ws/install/inspectra_bringup/lib/python3.12/site-packages:${PYTHONPATH} /usr/bin/python3 -W ignore:setup.py install is deprecated -W ignore:easy_install command is deprecated setup.py egg_info --egg-base ../../build/inspectra_bringup build --build-base /home/rk/inspectra/ros2_ws/build/inspectra_bringup/build install --record /home/rk/inspectra/ros2_ws/build/inspectra_bringup/install.log --install-scripts $base/lib/inspectra_bringup --single-version-externally-managed install_data
[0.826s] running egg_info
[0.837s] writing ../../build/inspectra_bringup/inspectra_bringup.egg-info/PKG-INFO
[0.837s] writing dependency_links to ../../build/inspectra_bringup/inspectra_bringup.egg-info/dependency_links.txt
[0.837s] writing entry points to ../../build/inspectra_bringup/inspectra_bringup.egg-info/entry_points.txt
[0.837s] writing requirements to ../../build/inspectra_bringup/inspectra_bringup.egg-info/requires.txt
[0.837s] writing top-level names to ../../build/inspectra_bringup/inspectra_bringup.egg-info/top_level.txt
[0.860s] reading manifest file '../../build/inspectra_bringup/inspectra_bringup.egg-info/SOURCES.txt'
[0.861s] writing manifest file '../../build/inspectra_bringup/inspectra_bringup.egg-info/SOURCES.txt'
[0.861s] running build
[0.862s] running build_py
[0.862s] running install
[0.865s] running install_lib
[0.878s] running install_data
[0.878s] running install_egg_info
[0.890s] removing '/home/rk/inspectra/ros2_ws/install/inspectra_bringup/lib/python3.12/site-packages/inspectra_bringup-0.0.0-py3.12.egg-info' (and everything under it)
[0.890s] Copying ../../build/inspectra_bringup/inspectra_bringup.egg-info to /home/rk/inspectra/ros2_ws/install/inspectra_bringup/lib/python3.12/site-packages/inspectra_bringup-0.0.0-py3.12.egg-info
[0.890s] running install_scripts
[0.969s] Installing controller script to /home/rk/inspectra/ros2_ws/install/inspectra_bringup/lib/inspectra_bringup
[0.969s] writing list of installed files to '/home/rk/inspectra/ros2_ws/build/inspectra_bringup/install.log'
[0.999s] Invoked command in '/home/rk/inspectra/ros2_ws/src/inspectra_bringup' returned '0': DEBUGINFOD_URLS=https://debuginfod.ubuntu.com PYTHONPATH=/home/rk/inspectra/ros2_ws/build/inspectra_bringup/prefix_override:/usr/lib/python3/dist-packages/colcon_core/task/python/colcon_distutils_commands:/home/rk/inspectra/ros2_ws/install/inspectra_bringup/lib/python3.12/site-packages:${PYTHONPATH} /usr/bin/python3 -W ignore:setup.py install is deprecated -W ignore:easy_install command is deprecated setup.py egg_info --egg-base ../../build/inspectra_bringup build --build-base /home/rk/inspectra/ros2_ws/build/inspectra_bringup/build install --record /home/rk/inspectra/ros2_ws/build/inspectra_bringup/install.log --install-scripts $base/lib/inspectra_bringup --single-version-externally-managed install_data
