[0.521s] Invoking command in '/home/rk/inspectra/ros2_ws/src/inspectra_bringup': DEBUGINFOD_URLS=https://debuginfod.ubuntu.com PYTHONPATH=/home/rk/inspectra/ros2_ws/build/inspectra_bringup/prefix_override:/usr/lib/python3/dist-packages/colcon_core/task/python/colcon_distutils_commands:/home/rk/inspectra/ros2_ws/install/inspectra_bringup/lib/python3.12/site-packages:${PYTHONPATH} /usr/bin/python3 -W ignore:setup.py install is deprecated -W ignore:easy_install command is deprecated setup.py egg_info --egg-base ../../build/inspectra_bringup build --build-base /home/rk/inspectra/ros2_ws/build/inspectra_bringup/build install --record /home/rk/inspectra/ros2_ws/build/inspectra_bringup/install.log --install-scripts $base/lib/inspectra_bringup --single-version-externally-managed install_data
[0.697s] running egg_info
[0.709s] writing ../../build/inspectra_bringup/inspectra_bringup.egg-info/PKG-INFO
[0.709s] writing dependency_links to ../../build/inspectra_bringup/inspectra_bringup.egg-info/dependency_links.txt
[0.709s] writing entry points to ../../build/inspectra_bringup/inspectra_bringup.egg-info/entry_points.txt
[0.709s] writing requirements to ../../build/inspectra_bringup/inspectra_bringup.egg-info/requires.txt
[0.709s] writing top-level names to ../../build/inspectra_bringup/inspectra_bringup.egg-info/top_level.txt
[0.734s] reading manifest file '../../build/inspectra_bringup/inspectra_bringup.egg-info/SOURCES.txt'
[0.734s] writing manifest file '../../build/inspectra_bringup/inspectra_bringup.egg-info/SOURCES.txt'
[0.735s] running build
[0.735s] running build_py
[0.735s] copying inspectra_bringup/inspectra_controller.py -> /home/rk/inspectra/ros2_ws/build/inspectra_bringup/build/lib/inspectra_bringup
[0.735s] running install
[0.739s] running install_lib
[0.752s] copying /home/rk/inspectra/ros2_ws/build/inspectra_bringup/build/lib/inspectra_bringup/inspectra_controller.py -> /home/rk/inspectra/ros2_ws/install/inspectra_bringup/lib/python3.12/site-packages/inspectra_bringup
[0.752s] byte-compiling /home/rk/inspectra/ros2_ws/install/inspectra_bringup/lib/python3.12/site-packages/inspectra_bringup/inspectra_controller.py to inspectra_controller.cpython-312.pyc
[0.752s] running install_data
[0.752s] running install_egg_info
[0.765s] removing '/home/rk/inspectra/ros2_ws/install/inspectra_bringup/lib/python3.12/site-packages/inspectra_bringup-0.0.0-py3.12.egg-info' (and everything under it)
[0.765s] Copying ../../build/inspectra_bringup/inspectra_bringup.egg-info to /home/rk/inspectra/ros2_ws/install/inspectra_bringup/lib/python3.12/site-packages/inspectra_bringup-0.0.0-py3.12.egg-info
[0.766s] running install_scripts
[0.849s] Installing controller script to /home/rk/inspectra/ros2_ws/install/inspectra_bringup/lib/inspectra_bringup
[0.849s] writing list of installed files to '/home/rk/inspectra/ros2_ws/build/inspectra_bringup/install.log'
[0.872s] Invoked command in '/home/rk/inspectra/ros2_ws/src/inspectra_bringup' returned '0': DEBUGINFOD_URLS=https://debuginfod.ubuntu.com PYTHONPATH=/home/rk/inspectra/ros2_ws/build/inspectra_bringup/prefix_override:/usr/lib/python3/dist-packages/colcon_core/task/python/colcon_distutils_commands:/home/rk/inspectra/ros2_ws/install/inspectra_bringup/lib/python3.12/site-packages:${PYTHONPATH} /usr/bin/python3 -W ignore:setup.py install is deprecated -W ignore:easy_install command is deprecated setup.py egg_info --egg-base ../../build/inspectra_bringup build --build-base /home/rk/inspectra/ros2_ws/build/inspectra_bringup/build install --record /home/rk/inspectra/ros2_ws/build/inspectra_bringup/install.log --install-scripts $base/lib/inspectra_bringup --single-version-externally-managed install_data
